#-----------------------------------------------------------
# xsim v2025.2 (64-bit)
# SW Build 6299465 on Fri Nov 14 19:35:11 GMT 2025
# IP Build 6300035 on Fri Nov 14 10:48:45 MST 2025
# SharedData Build 6298862 on Thu Nov 13 04:50:51 MST 2025
# Start of session at: Thu May 21 19:00:33 2026
# Process ID         : 16128
# Current directory  : C:/Users/ROG/finallab/student_sort_sc_02181078/mem
# Command line       : xsim.exe -mode tcl -source {xsim.dir/tb_sc_fpga_sort_sim/xsim_script.tcl}
# Log file           : C:/Users/ROG/finallab/student_sort_sc_02181078/mem/xsim.log
# Journal file       : C:/Users/ROG/finallab/student_sort_sc_02181078/mem\xsim.jou
# Running On         : DESKTOP-JL65RAP
# Platform           : Windows Server 2016 or Windows 10
# Operating System   : 26100
# Processor Detail   : AMD Ryzen AI 9 HX 370 w/ Radeon 890M           
# CPU Frequency      : 1996 MHz
# CPU Physical cores : 12
# CPU Logical cores  : 24
# Host memory        : 33412 MB
# Swap memory        : 2147 MB
# Total Virtual      : 35560 MB
# Available Virtual  : 10647 MB
#-----------------------------------------------------------
source xsim.dir/tb_sc_fpga_sort_sim/xsim_script.tcl
source C:/Users/ROG/finallab/run_xsim.tcl
